Test Results Summary:

1. Authentication:
❌ FAIL - Error: Authentication failed: Firebase: Error (auth/invalid-email).
   - Admin login failed
   - User role verification skipped

2. Customer Management:
❌ FAIL - Error: Customer management failed: window.productionSetup.addRealCustomer is not a function
   - Customer creation failed
   - Customer verification skipped

3. Service Requests:
❌ FAIL - Error: Service request failed: Cannot read properties of undefined (reading 'collection')
   - Service request creation failed
   - Request status verification skipped

4. Quote Generation:
❌ FAIL - Error: Quote generation failed: window.BiddingSystem is not a constructor
   - Quote calculation failed
   - Quote storage failed

5. Invoicing:
❌ FAIL - Error: Invoicing failed: window.InvoiceService is not a constructor
   - Invoice creation failed
   - Payment processing skipped

6. Equipment Management:
❌ FAIL - Error: Equipment management failed: Cannot read properties of undefined (reading 'collection')
   - Equipment addition failed
   - Inventory update skipped

7. Reporting:
❌ FAIL - Error: Reporting failed: Cannot read properties of undefined (reading 'collection')
   - Revenue calculation failed
   - Sustainability log failed

Summary of Issues:
1. Firebase initialization not complete
2. Missing required service classes (BiddingSystem, InvoiceService)
3. Database connection issues
4. Authentication configuration missing

Required Fixes:
1. Ensure Firebase is properly initialized before tests
2. Load all required service classes
3. Verify database connection and permissions
4. Configure authentication settings 